   Compiling proc-macro2 v1.0.106
   Compiling quote v1.0.44
   Compiling unicode-ident v1.0.23
   Compiling libc v0.2.180
   Compiling cfg-if v1.0.4
   Compiling memchr v2.8.0
   Compiling version_check v0.9.5
   Compiling serde_core v1.0.228
   Compiling itoa v1.0.17
   Compiling pin-project-lite v0.2.16
   Compiling shlex v1.3.0
   Compiling smallvec v1.15.1
   Compiling serde v1.0.228
   Compiling once_cell v1.21.3
   Compiling syn v2.0.114
   Compiling futures-core v0.3.31
   Compiling getrandom v0.2.17
   Compiling errno v0.3.14
   Compiling bytes v1.11.1
   Compiling autocfg v1.5.0
   Compiling jobserver v0.1.34
   Compiling find-msvc-tools v0.1.9
   Compiling log v0.4.29
   Compiling cc v1.2.55
   Compiling scopeguard v1.2.0
   Compiling lock_api v0.4.14
   Compiling typenum v1.19.0
   Compiling generic-array v0.14.7
   Compiling parking_lot_core v0.9.12
   Compiling bitflags v2.10.0
   Compiling rand_core v0.6.4
   Compiling futures-io v0.3.31
   Compiling core-foundation-sys v0.8.7
   Compiling parking_lot v0.12.5
   Compiling pin-utils v0.1.0
   Compiling futures-sink v0.3.31
   Compiling num-traits v0.2.19
   Compiling getrandom v0.3.4
   Compiling serde_derive v1.0.228
   Compiling crypto-common v0.1.7
   Compiling tokio-macros v2.6.0
   Compiling futures-macro v0.3.31
   Compiling futures-channel v0.3.31
   Compiling signal-hook-registry v1.4.8
   Compiling mio v1.1.1
   Compiling socket2 v0.6.2
   Compiling slab v0.4.12
   Compiling futures-task v0.3.31
   Compiling futures-util v0.3.31
   Compiling tokio v1.49.0
   Compiling thiserror-impl v2.0.18
   Compiling tracing-core v0.1.36
   Compiling subtle v2.6.1
   Compiling zmij v1.0.20
   Compiling synstructure v0.13.2
   Compiling tracing-attributes v0.1.31
   Compiling pkg-config v0.3.32
   Compiling thiserror v2.0.18
   Compiling zerofrom-derive v0.1.6
   Compiling tracing v0.1.44
   Compiling equivalent v1.0.2
   Compiling serde_json v1.0.149
   Compiling zerofrom v0.1.6
   Compiling yoke-derive v0.8.1
   Compiling stable_deref_trait v1.2.1
   Compiling yoke v0.8.1
   Compiling hashbrown v0.16.1
   Compiling indexmap v2.13.0
   Compiling block-buffer v0.10.4
   Compiling displaydoc v0.2.5
   Compiling zerovec-derive v0.11.2
   Compiling digest v0.10.7
   Compiling cpufeatures v0.2.17
   Compiling zerocopy v0.8.39
   Compiling crossbeam-utils v0.8.21
   Compiling iana-time-zone v0.1.65
   Compiling http v1.4.0
   Compiling zerovec v0.11.5
   Compiling writeable v0.6.2
   Compiling powerfmt v0.2.0
   Compiling litemap v0.8.1
   Compiling percent-encoding v2.3.2
   Compiling time-core v0.1.8
   Compiling base64 v0.22.1
   Compiling num-conv v0.2.0
   Compiling time-macros v0.2.27
   Compiling deranged v0.5.5
   Compiling chrono v0.4.43
   Compiling zerotrie v0.2.3
   Compiling tinystr v0.8.2
   Compiling icu_locale_core v2.1.1
   Compiling potential_utf v0.1.4
   Compiling fnv v1.0.7
   Compiling icu_properties_data v2.1.2
   Compiling ident_case v1.0.1
   Compiling icu_normalizer_data v2.1.1
   Compiling icu_provider v2.1.1
   Compiling icu_collections v2.1.1
   Compiling time v0.3.47
   Compiling zeroize_derive v1.4.3
   Compiling fastrand v2.3.0
   Compiling rustix v1.1.3
   Compiling icu_normalizer v2.1.1
   Compiling zeroize v1.8.2
   Compiling icu_properties v2.1.2
   Compiling form_urlencoded v1.2.2
   Compiling ring v0.17.14
   Compiling crc32fast v1.5.0
   Compiling httparse v1.10.1
   Compiling parking v2.2.1
   Compiling simd-adler32 v0.3.8
   Compiling rustls-pki-types v1.14.0
   Compiling idna_adapter v1.2.1
   Compiling tokio-util v0.7.18
   Compiling num-integer v0.1.46
   Compiling utf8_iter v1.0.4
   Compiling idna v1.1.0
   Compiling num-bigint v0.4.6
   Compiling ppv-lite86 v0.2.21
   Compiling futures-executor v0.3.31
   Compiling uuid v1.20.0
   Compiling core-foundation v0.9.4
   Compiling heck v0.5.0
   Compiling untrusted v0.9.0
   Compiling libm v0.2.16
   Compiling strsim v0.11.1
   Compiling adler2 v2.0.1
   Compiling ryu v1.0.23
   Compiling glob v0.3.3
   Compiling heck v0.4.1
   Compiling miniz_oxide v0.8.9
   Compiling url v2.5.8
   Compiling spin v0.9.8
   Compiling bigdecimal v0.4.10
   Compiling rust_decimal v1.40.0
   Compiling vcpkg v0.2.15
   Compiling lazy_static v1.5.0
   Compiling crc-catalog v2.4.0
   Compiling crc v3.4.0
   Compiling libsqlite3-sys v0.30.1
   Compiling flate2 v1.1.9
   Compiling serde_urlencoded v0.7.1
   Compiling http-body v1.0.1
   Compiling rand_core v0.9.5
   Compiling aho-corasick v1.1.4
   Compiling minimal-lexical v0.2.1
   Compiling arrayvec v0.7.6
   Compiling either v1.15.0
   Compiling foldhash v0.1.5
   Compiling anyhow v1.0.101
   Compiling allocator-api2 v0.2.21
   Compiling regex-syntax v0.8.9
   Compiling rustls v0.23.36
   Compiling hashbrown v0.15.5
   Compiling regex-automata v0.4.14
   Compiling rand_chacha v0.9.0
   Compiling rustls-webpki v0.103.9
   Compiling clang-sys v1.8.1
   Compiling tempfile v3.24.0
   Compiling webpki-roots v1.0.6
   Compiling darling_core v0.20.11
   Compiling concurrent-queue v2.5.0
   Compiling security-framework-sys v2.15.0
   Compiling rustix v0.38.44
   Compiling native-tls v0.2.14
   Compiling prettyplease v0.2.37
   Compiling system-configuration-sys v0.6.0
   Compiling unicode-segmentation v1.12.0
   Compiling mime v0.3.17
   Compiling alloc-no-stdlib v2.0.4
   Compiling tower-service v0.3.3
   Compiling alloc-stdlib v0.2.2
   Compiling convert_case v0.10.0
   Compiling darling_macro v0.20.11
   Compiling security-framework v2.11.1
   Compiling event-listener v5.4.1
   Compiling webpki-roots v0.26.11
   Compiling rand v0.9.2
   Compiling hashlink v0.10.0
   Compiling itertools v0.12.1
   Compiling crossbeam-queue v0.3.12
   Compiling sha2 v0.10.9
   Compiling sha1 v0.10.6
   Compiling tokio-stream v0.1.18
   Compiling futures-intrusive v0.5.0
   Compiling ref-cast v1.0.25
   Compiling httpdate v1.0.3
   Compiling atomic-waker v1.1.2
   Compiling try-lock v0.2.5
   Compiling unicode-xid v0.2.6
   Compiling yansi v1.0.1
   Compiling derive_more-impl v2.1.1
   Compiling want v0.3.1
   Compiling sqlx-core v0.8.6
   Compiling h2 v0.4.13
   Compiling darling v0.20.11
   Compiling brotli-decompressor v5.0.0
   Compiling nom v7.1.3
   Compiling http-body-util v0.1.3
   Compiling flume v0.11.1
   Compiling darling_core v0.23.0
   Compiling futures v0.3.31
   Compiling zstd-sys v2.0.16+zstd.1.5.7
   Compiling atoi v2.0.0
   Compiling ref-cast-impl v1.0.25
   Compiling serde_derive_internals v0.29.1
   Compiling sync_wrapper v1.0.2
   Compiling proc-macro2-diagnostics v0.10.1
   Compiling libloading v0.8.9
   Compiling tower-layer v0.3.3
   Compiling home v0.5.12
   Compiling data-encoding v2.10.0
   Compiling objc2 v0.6.3
   Compiling utf8parse v0.2.2
   Compiling utf-8 v0.7.6
   Compiling bindgen v0.69.5
   Compiling darling_macro v0.23.0
   Compiling anstyle-parse v0.2.7
   Compiling which v4.4.2
   Compiling schemars_derive v1.2.1
   Compiling sqlx-sqlite v0.8.6
   Compiling cexpr v0.6.0
   Compiling sea-query-derive v0.4.3
   Compiling brotli v8.0.2
   Compiling hyper v1.8.1
   Compiling system-configuration v0.7.0
   Compiling regex v1.12.3
   Compiling derive_more v2.1.1
   Compiling ordered-float v4.6.0
   Compiling inout v0.1.4
   Compiling async-trait v0.1.89
   Compiling inherent v1.0.13
   Compiling pin-project-internal v1.1.10
   Compiling proc-macro-error-attr2 v2.0.0
   Compiling ahash v0.8.12
   Compiling encoding_rs v0.8.35
   Compiling anstyle v1.0.13
   Compiling dyn-clone v1.0.20
   Compiling objc2-encode v4.1.0
   Compiling anstyle-query v1.1.5
   Compiling compression-core v0.4.32
   Compiling unicase v2.9.0
   Compiling ucd-trie v0.1.7
   Compiling is_terminal_polyfill v1.70.2
   Compiling colorchoice v1.0.4
   Compiling ipnet v2.11.0
   Compiling lazycell v1.3.0
   Compiling rustc-hash v1.1.0
   Compiling hyper-util v0.1.20
   Compiling anstream v0.6.21
   Compiling mime_guess v2.0.5
   Compiling pest v2.8.6
   Compiling compression-codecs v0.4.38
   Compiling schemars v1.2.1
   Compiling pin-project v1.1.10
   Compiling proc-macro-error2 v2.0.1
   Compiling sea-query v0.32.7
   Compiling cipher v0.4.4
   Compiling sqlx v0.8.6
   Compiling darling v0.23.0
   Compiling tower v0.5.3
   Compiling tokio-native-tls v0.3.1
   Compiling matchers v0.2.0
   Compiling sharded-slab v0.1.7
   Compiling strum_macros v0.28.0
   Compiling futures-lite v2.6.1
   Compiling lzma-sys v0.1.20
   Compiling bzip2-sys v0.1.13+1.0.8
   Compiling tracing-serde v0.2.0
   Compiling tracing-log v0.2.0
   Compiling memoffset v0.6.5
   Compiling multer v3.1.0
   Compiling thread_local v1.1.9
   Compiling crossbeam-epoch v0.9.20
   Compiling rmcp v1.3.0
   Compiling zstd-safe v7.2.4
   Compiling thiserror v1.0.69
   Compiling clap_lex v0.7.7
   Compiling nu-ansi-term v0.50.3
   Compiling clap_builder v4.5.57
   Compiling tracing-subscriber v0.3.22
   Compiling strum v0.28.0
   Compiling sea-query-binder v0.7.0
   Compiling rmcp-macros v1.3.0
   Compiling ouroboros_macro v0.18.5
   Compiling sea-bae v0.2.1
   Compiling kill_tree v0.2.4
   Compiling async-compression v0.4.42
   Compiling pest_meta v2.8.6
   Compiling tungstenite v0.28.0
   Compiling clap_derive v4.5.55
   Compiling fdeflate v0.3.7
   Compiling universal-hash v0.5.1
   Compiling toml_datetime v0.6.3
   Compiling thiserror-impl v1.0.69
   Compiling async-stream-impl v0.3.6
   Compiling serial-core v0.4.0
   Compiling termios v0.2.2
   Compiling ioctl-rs v0.1.6
   Compiling cookie v0.18.1
   Compiling siphasher v1.0.2
   Compiling winnow v0.5.40
   Compiling aliasable v0.1.3
   Compiling static_assertions v1.1.0
   Compiling color_quant v1.1.0
   Compiling zune-core v0.5.1
   Compiling weezl v0.1.12
   Compiling pxfm v0.1.28
   Compiling fixedbitset v0.5.7
   Compiling byteorder-lite v0.1.0
   Compiling crossbeam-deque v0.8.7
   Compiling same-file v1.0.6
   Compiling quick-error v2.0.1
   Compiling opaque-debug v0.3.1
   Compiling pastey v0.2.1
   Compiling image-webp v0.2.4
   Compiling moxcms v0.8.1
   Compiling polyval v0.6.2
   Compiling walkdir v2.5.0
   Compiling futures-concurrency v7.7.1
   Compiling gif v0.14.2
   Compiling zune-jpeg v0.5.15
   Compiling ouroboros v0.18.5
   Compiling phf_shared v0.12.1
   Compiling serial-unix v0.4.0
   Compiling async-stream v0.3.6
   Compiling clap v4.5.57
   Compiling png v0.18.1
   Compiling tokio-tungstenite v0.28.0
   Compiling pest_generator v2.8.6
   Compiling sea-orm-macros v1.1.19
   Compiling hashbrown v0.14.5
   Compiling agent-client-protocol-schema v0.11.7
   Compiling aes v0.8.4
   Compiling block2 v0.6.2
   Compiling objc2-core-foundation v0.3.2
   Compiling tungstenite v0.26.2
   Compiling axum-core v0.5.6
   Compiling sea-schema-derive v0.3.0
   Compiling crossbeam-channel v0.5.15
   Compiling hmac v0.12.1
   Compiling jsonrpcmsg v0.1.2
   Compiling serde_spanned v0.6.9
   Compiling sacp-derive v11.0.0
   Compiling mac-notification-sys v0.6.12
   Compiling nix v0.27.1
   Compiling serde_path_to_error v0.1.20
   Compiling filetime v0.2.27
   Compiling bstr v1.13.0
   Compiling strum v0.26.3
   Compiling chrono-tz v0.10.4
   Compiling base64ct v1.8.3
   Compiling http-range-header v0.4.2
   Compiling bitflags v1.3.2
   Compiling iri-string v0.7.10
   Compiling dotenvy v0.15.7
   Compiling bumpalo v3.19.1
   Compiling matchit v0.8.4
   Compiling zip v2.4.2
   Compiling diff v0.1.13
   Compiling rustc-hash v2.1.2
   Compiling boxfnonce v0.1.1
   Compiling shell-words v1.1.1
   Compiling bytemuck v1.25.0
   Compiling byteorder v1.5.0
   Compiling option-ext v0.2.0
   Compiling dirs-sys v0.5.0
   Compiling lzma-rs v0.3.0
   Compiling tower-http v0.6.8
   Compiling image v0.25.10
   Compiling sacp v11.0.0
   Compiling pretty_assertions v1.4.1
   Compiling axum v0.8.8
   Compiling zopfli v0.8.3
   Compiling sea-orm-cli v1.1.19
   Compiling nix v0.25.1
   Compiling password-hash v0.5.0
   Compiling globset v0.4.19
   Compiling sea-orm v1.1.19
   Compiling toml_edit v0.20.2
   Compiling pbkdf2 v0.12.2
   Compiling sea-schema v0.16.2
   Compiling objc2-foundation v0.3.2
   Compiling tokio-tungstenite v0.26.2
   Compiling zstd v0.13.3
   Compiling hashlink v0.9.1
   Compiling bzip2 v0.5.2
   Compiling pest_derive v2.8.6
   Compiling xz2 v0.1.7
   Compiling serial v0.4.0
   Compiling phf v0.12.1
   Compiling filedescriptor v0.8.3
   Compiling ghash v0.5.1
   Compiling hyper-tls v0.6.0
   Compiling ctr v0.9.2
   Compiling prost-derive v0.13.5
   Compiling rust-multipart-rfc7578_2 v0.8.0
   Compiling simple_asn1 v0.6.4
   Compiling rand_chacha v0.3.1
   Compiling xattr v1.6.1
   Compiling pem v3.0.6
   Compiling hashify v0.2.9
   Compiling blake2 v0.10.6
   Compiling assert-json-diff v2.0.2
   Compiling reserve-port v2.4.0
   Compiling aead v0.5.2
   Compiling fsevent-sys v4.1.0
   Compiling console v0.16.3
   Compiling include_dir_macros v0.7.4
   Compiling similar v2.7.0
   Compiling env_home v0.1.0
   Compiling fallible-streaming-iterator v0.1.9
   Compiling auto-future v1.0.0
   Compiling downcast-rs v1.2.1
   Compiling codeg v0.30.4 (/Users/mohamedadan/projects/_worktrees/ops-desk/approvals/.build/review-business-intake/60daf42e/src-tauri)
   Compiling symlink v0.1.0
   Compiling unsafe-libyaml v0.2.11
   Compiling deflate64 v0.1.10
   Compiling bytesize v2.3.1
   Compiling fallible-iterator v0.3.0
   Compiling constant_time_eq v0.3.1
   Compiling rusqlite v0.32.1
   Compiling axum-test v17.3.0
   Compiling serde_yaml v0.9.34+deprecated
   Compiling tracing-appender v0.2.5
   Compiling portable-pty v0.8.1
   Compiling insta v1.47.2
   Compiling which v7.0.3
   Compiling include_dir v0.7.4
   Compiling notify v6.1.1
   Compiling aes-gcm v0.10.3
   Compiling mail-parser v0.11.1
   Compiling argon2 v0.5.3
   Compiling jsonwebtoken v9.3.1
   Compiling tar v0.4.44
   Compiling sea-orm-migration v1.1.19
   Compiling rand v0.8.5
   Compiling cron v0.12.1
   Compiling prost v0.13.5
   Compiling reqwest v0.12.28
   Compiling ignore v0.4.30
   Compiling toml v0.8.2
   Compiling sacp-tokio v11.0.0 (/Users/mohamedadan/projects/_worktrees/ops-desk/approvals/.build/review-business-intake/60daf42e/src-tauri/vendor/sacp-tokio)
   Compiling qrcode v0.14.1
   Compiling dirs v6.0.0
   Compiling toml_edit v0.19.15
   Compiling async_zip v0.0.18
   Compiling temp-env v0.3.6
   Compiling if-addrs v0.13.4
   Compiling semver v1.0.27
   Compiling urlencoding v2.1.3
   Compiling minisign-verify v0.2.5
warning: linker stderr: ld: __eh_frame section too large (max 16MB) to encode dwarf unwind offsets in compact unwind table, performance of exception handling might be affected
  |
  = note: `#[warn(linker_messages)]` on by default

warning: `codeg` (lib test) generated 1 warning
    Finished `test` profile [unoptimized + debuginfo] target(s) in 2m 58s
warning: the following packages contain code that will be rejected by a future version of Rust: proc-macro-error2 v2.0.1
note: to see what the problems were, use the option `--future-incompat-report`, or run `cargo report future-incompatibilities --id 1`
     Running unittests src/lib.rs (/Users/mohamedadan/projects/_worktrees/ops-desk/approvals/.build/review-business-intake/target/debug/deps/codeg_lib-b542e2757758a7bb)

running 2 tests
test keyring_store::tests::intake_store_missing_file_and_staged_cleanup_preserve_other_entries ... ok
test keyring_store::tests::intake_store_mutation_preserves_malformed_and_unreadable_stores ... ok

test result: ok. 2 passed; 0 failed; 0 ignored; 0 measured; 3706 filtered out; finished in 0.02s

