[33mThe CJS build of Vite's Node API is deprecated. See https://vite.dev/guide/troubleshooting.html#vite-cjs-node-api-deprecated for more details.[39m

 RUN  v2.1.9 /Users/mohamedadan/projects/_worktrees/ops-desk/approvals/.build/business-integration-review/ui-dc14e83b/source

 ❯ src/components/business-intake/reviewer-source-entry.test.tsx (1 test | 1 failed) 173ms
   × independent source-entry draft ownership > guards a task source link before replacing another review's unsaved draft 173ms
     → Unable to find an accessible element with the role "textbox" and name "Brief"

Here are the accessible roles:

  dialog:

  Name "Leave this source review?":
  [36m<div[39m
    [33maria-describedby[39m=[32m"radix-_r_c_"[39m
    [33maria-labelledby[39m=[32m"radix-_r_b_"[39m
    [33mclass[39m=[32m"data-open:animate-in data-closed:animate-out data-closed:fade-out-0 data-open:fade-in-0 data-closed:zoom-out-95 data-open:zoom-in-95 bg-background ring-border pointer-events-auto relative grid max-h-[calc(100dvh-2rem)] w-full overflow-y-auto shadow-2xl ring-1 duration-100 outline-none min-w-0 grid-cols-1 gap-5 rounded-2xl p-5 [overflow-wrap:anywhere] motion-reduce:animate-none! sm:p-7 max-w-lg"[39m
    [33mdata-slot[39m=[32m"dialog-content"[39m
    [33mdata-state[39m=[32m"open"[39m
    [33mid[39m=[32m"radix-_r_a_"[39m
    [33mrole[39m=[32m"dialog"[39m
    [33mstyle[39m=[32m"pointer-events: auto;"[39m
    [33mtabindex[39m=[32m"-1"[39m
  [36m/>[39m

  --------------------------------------------------
  heading:

  Name "Leave this source review?":
  [36m<h2[39m
    [33mclass[39m=[32m"text-xl font-semibold tracking-tight"[39m
    [33mdata-slot[39m=[32m"dialog-title"[39m
    [33mid[39m=[32m"radix-_r_b_"[39m
  [36m/>[39m

  --------------------------------------------------
  paragraph:

  Name "":
  [36m<p[39m
    [33mclass[39m=[32m"text-muted-foreground text-sm sr-only"[39m
    [33mdata-slot[39m=[32m"dialog-description"[39m
    [33mid[39m=[32m"radix-_r_c_"[39m
  [36m/>[39m

  Name "":
  [36m<p[39m
    [33mclass[39m=[32m"text-sm leading-relaxed"[39m
  [36m/>[39m

  --------------------------------------------------
  button:

  Name "Close":
  [36m<button[39m
    [33maria-label[39m=[32m"Close"[39m
    [33mclass[39m=[32m"group/button inline-flex items-center justify-center border border-transparent bg-clip-padding text-sm font-medium whitespace-nowrap transition-all outline-none select-none focus-visible:border-ring focus-visible:ring-[3px] focus-visible:ring-ring/50 active:not-aria-[haspopup]:translate-y-px disabled:pointer-events-none disabled:opacity-50 aria-invalid:border-destructive aria-invalid:ring-[3px] aria-invalid:ring-destructive/20 dark:aria-invalid:border-destructive/50 dark:aria-invalid:ring-destructive/40 [&_svg]:pointer-events-none [&_svg]:shrink-0 [&_svg:not([class*='size-'])]:size-4 hover:bg-muted hover:text-foreground aria-expanded:bg-muted aria-expanded:text-foreground dark:hover:bg-muted/50 min-h-11 rounded-xl motion-reduce:transition-none size-11 shrink-0 p-0"[39m
    [33mdata-size[39m=[32m"icon"[39m
    [33mdata-slot[39m=[32m"button"[39m
    [33mdata-variant[39m=[32m"ghost"[39m
    [33mtype[39m=[32m"button"[39m
  [36m/>[39m

  Name "Keep editing":
  [36m<button[39m
    [33mclass[39m=[32m"group/button inline-flex shrink-0 items-center justify-center border bg-clip-padding text-sm font-medium whitespace-nowrap transition-all outline-none select-none focus-visible:border-ring focus-visible:ring-[3px] focus-visible:ring-ring/50 active:not-aria-[haspopup]:translate-y-px disabled:pointer-events-none disabled:opacity-50 aria-invalid:border-destructive aria-invalid:ring-[3px] aria-invalid:ring-destructive/20 dark:aria-invalid:border-destructive/50 dark:aria-invalid:ring-destructive/40 [&_svg]:pointer-events-none [&_svg]:shrink-0 [&_svg:not([class*='size-'])]:size-4 border-border bg-input/30 hover:bg-input/50 hover:text-foreground aria-expanded:bg-muted aria-expanded:text-foreground h-9 gap-1.5 has-data-[icon=inline-end]:pr-2.5 has-data-[icon=inline-start]:pl-2.5 min-h-11 rounded-xl px-4 motion-reduce:transition-none"[39m
    [33mdata-size[39m=[32m"default"[39m
    [33mdata-slot[39m=[32m"button"[39m
    [33mdata-variant[39m=[32m"outline"[39m
    [33mtype[39m=[32m"button"[39m
  [36m/>[39m

  Name "Discard my draft":
  [36m<button[39m
    [33mclass[39m=[32m"group/button inline-flex shrink-0 items-center justify-center border border-transparent bg-clip-padding text-sm font-medium whitespace-nowrap transition-all outline-none select-none focus-visible:ring-[3px] active:not-aria-[haspopup]:translate-y-px disabled:pointer-events-none disabled:opacity-50 aria-invalid:border-destructive aria-invalid:ring-[3px] aria-invalid:ring-destructive/20 dark:aria-invalid:border-destructive/50 dark:aria-invalid:ring-destructive/40 [&_svg]:pointer-events-none [&_svg]:shrink-0 [&_svg:not([class*='size-'])]:size-4 bg-destructive/10 hover:bg-destructive/20 dark:bg-destructive/20 dark:hover:bg-destructive/30 h-9 gap-1.5 has-data-[icon=inline-end]:pr-2.5 has-data-[icon=inline-start]:pl-2.5 min-h-11 rounded-xl px-4 motion-reduce:transition-none text-red-800 focus-visible:border-red-800 focus-visible:ring-red-800 dark:text-red-300 dark:focus-visible:border-red-300 dark:focus-visible:ring-red-300"[39m
    [33mdata-size[39m=[32m"default"[39m
    [33mdata-slot[39m=[32m"button"[39m
    [33mdata-variant[39m=[32m"destructive"[39m
    [33mtype[39m=[32m"button"[39m
  [36m/>[39m

  --------------------------------------------------

Ignored nodes: comments, script, style
[36m<body[39m
  [33mdata-scroll-locked[39m=[32m"1"[39m
  [33mstyle[39m=[32m"pointer-events: none;"[39m
[36m>[39m
  [36m<span[39m
    [33maria-hidden[39m=[32m"true"[39m
    [33mdata-aria-hidden[39m=[32m"true"[39m
    [33mdata-radix-focus-guard[39m=[32m""[39m
    [33mstyle[39m=[32m"outline: none; opacity: 0; position: fixed; pointer-events: none;"[39m
    [33mtabindex[39m=[32m"0"[39m
  [36m/>[39m
  [36m<div[39m
    [33maria-hidden[39m=[32m"true"[39m
    [33mdata-aria-hidden[39m=[32m"true"[39m
  [36m>[39m
    [36m<button>[39m
      [0mOpen task-linked second source[0m
    [36m</button>[39m
    [36m<div[39m
      [33mclass[39m=[32m"@container space-y-7"[39m
      [33mdata-business-sources[39m=[32m"true"[39m
    [36m>[39m
      [36m<div[39m
        [33mclass[39m=[32m"@container space-y-6"[39m
      [36m>[39m
        [36m<button[39m
          [33mclass[39m=[32m"group/button inline-flex shrink-0 items-center justify-center border border-transparent bg-clip-padding text-sm font-medium whitespace-nowrap transition-all outline-none select-none focus-visible:border-ring focus-visible:ring-[3px] focus-visible:ring-ring/50 active:not-aria-[haspopup]:translate-y-px disabled:pointer-events-none disabled:opacity-50 aria-invalid:border-destructive aria-invalid:ring-[3px] aria-invalid:ring-destructive/20 dark:aria-invalid:border-destructive/50 dark:aria-invalid:ring-destructive/40 [&_svg]:pointer-events-none [&_svg]:shrink-0 [&_svg:not([class*='size-'])]:size-4 hover:bg-muted hover:text-foreground aria-expanded:bg-muted aria-expanded:text-foreground dark:hover:bg-muted/50 h-9 gap-1.5 has-data-[icon=inline-end]:pr-2.5 has-data-[icon=inline-start]:pl-2.5 min-h-11 rounded-xl px-4 motion-reduce:transition-none -ms-3"[39m
          [33mdata-size[39m=[32m"default"[39m
          [33mdata-slot[39m=[32m"button"[39m
          [33mdata-variant[39m=[32m"ghost"[39m
          [33mtype[39m=[32m"button"[39m
        [36m>[39m
          [36m<svg[39m
            [33maria-hidden[39m=[32m"true"[39m
            [33mclass[39m=[32m"lucide lucide-arrow-left size-4 rtl:rotate-180"[39m
            [33mfill[39m=[32m"none"[39m
            [33mheight[39m=[32m"24"[39m
            [33mstroke[39m=[32m"currentColor"[39m
            [33mstroke-linecap[39m=[32m"round"[39m
            [33mstroke-linejoin[39m=[32m"round"[39m
            [33mstroke-width[39m=[32m"2"[39m
            [33mviewBox[39m=[32m"0 0 24 24"[39m
            [33mwidth[39m=[32m"24"[39m
            [33mxmlns[39m=[32m"http://www.w3.org/2000/svg"[39m
          [36m>[39m
            [36m<path[39m
              [33md[39m=[32m"m12 19-7-7 7-7"[39m
            [36m/>[39m
            [36m<path[39m
              [33md[39m=[32m"M19 12H5"[39m
            [36m/>[39m
          [36m</svg>[39m
          [0mSources[0m
        [36m</button>[39m
        [36m<div[39m
          [33mclass[39m=[32m"border-border text-muted-foreground flex gap-3 border-b pb-5 text-sm leading-relaxed"[39m
        [36m>[39m
          [36m<svg[39m
            [33maria-hidden[39m=[32m"true"[39m
            [33mclass[39m=[32m"lucide lucide-lock-keyhole mt-0.5 size-4 shrink-0"[39m
            [33mfill[39m=[32m"none"[39m
            [33mheight[39m=[32m"24"[39m
            [33mstroke[39m=[32m"currentColor"[39m
            [33mstroke-linecap[39m=[32m"round"[39m
            [33mstroke-linejoin[39m=[32m"round"[39m
            [33mstroke-width[39m=[32m"2"[39m
            [33mviewBox[39m=[32m"0 0 24 24"[39m
            [33mwidth[39m=[32m"24"[39m
            [33mxmlns[39m=[32m"http://www.w3.org/2000/svg"[39m
          [36m>[39m
            [36m<circle[39m
              [33mcx[39m=[32m"12"[39m
              [33mcy[39m=[32m"16"[39m
              [33mr[39m=[32m"1"[39m
            [36m/>[39m
            [36m<rect[39m
              [33mheight[39m=[32m"12"[39m
              [33mrx[39m=[32m"2"[39m
              [33mwidth[39m=[32m"18"[39m
              [33mx[39m=[32m"3"[39m
              [33my[39m=[32m"10"[39m
            [36m/>[39m
            [36m<path[39m
              [33md[39m=[32m"M7 10V7a5 5 0 0 1 10 0v3"[39m
            [36m/>[39m
          [36m</svg>[39m
          [36m<div>[39m
            [36m<p[39m
              [33mclass[39m=[32m"text-foreground mb-1 font-medium"[39m
            [36m>[39m
              [0mPrivate source review[0m
            [36m</p>[39m
            [36m<p>[39m
              [0mOnly people with explicit source access can read these passages and drafts. Task access is separate.[0m
            [36m</p>[39m
          [36m</div>[39m
        [36m</div>[39m
        [36m<header[39m
          [33mclass[39m=[32m"space-y-3"[39m
        [36m>[39m
          [36m<p[39m
            [33mclass[39m=[32m"text-primary text-xs font-semibold"[39m
          [36m>[39m
            [0mFireflies meetings[0m
          [36m</p>[39m
          [36m<h1[39m
            [33mclass[39m=[32m"break-words text-2xl font-semibold tracking-tight sm:text-3xl [overflow-wrap:anywhere]"[39m
            [33mdir[39m=[32m"auto"[39m
          [36m>[39m
            [0mSynthetic customer conversation[0m
          [36m</h1>[39m
          [36m<p[39m
            [33mclass[39m=[32m"text-muted-foreground text-sm"[39m
          [36m>[39m
            [0mSource version[0m
            [0m: [0m
            [0m2[0m
          [36m</p>[39m
        [36m</header>[39m
        [36m<div[39m
          [33mclass[39m=[32m"grid min-w-0 gap-8 @[50rem]:grid-cols-[minmax(0,0.9fr)_minmax(0,1.1fr)]"[39m
        [36m>[39m
          [36m<div[39m
            [33mclass[39m=[32m"min-w-0 space-y-6"[39m
          [36m>[39m
            [36m<section[39m
              [33maria-label[39m=[32m"Exact source passage"[39m
              [33mclass[39m=[32m"space-y-4"[39m
            [36m>[39m
              [36m<h2[39m
                [33mclass[39m=[32m"font-semibold"[39m
              [36m>[39m
                [0mExact source passage[0m
              [36m</h2>[39m
              [36m<p[39m
                [33mclass[39m=[32m"text-muted-foreground text-sm leading-relaxed"[39m
              [36m>[39m
                [0mChoose 1–20 passages, up to 20,000 characters in total. Nothing is shortened or rewritten for you.[0m
              [36m</p>[39m
              [36m<p[39m
                [33mclass[39m=[32m"text-muted-foreground text-sm"[39m
              [36m>[39m
                [0mThe provider returned an empty summary.[0m
              [36m</p>[39m
              [36m<ol[39m
                [33mclass[39m=[32m"space-y-3"[39m
              [36m>[39m
                [36m<li[39m
                  [33mclass[39m=[32m"border-border rounded-xl border bg-background"[39m
 ...

⎯⎯⎯⎯⎯⎯⎯ Failed Tests 1 ⎯⎯⎯⎯⎯⎯⎯

 FAIL  src/components/business-intake/reviewer-source-entry.test.tsx > independent source-entry draft ownership > guards a task source link before replacing another review's unsaved draft
TestingLibraryElementError: Unable to find an accessible element with the role "textbox" and name "Brief"

Here are the accessible roles:

  dialog:

  Name "Leave this source review?":
  [36m<div[39m
    [33maria-describedby[39m=[32m"radix-_r_c_"[39m
    [33maria-labelledby[39m=[32m"radix-_r_b_"[39m
    [33mclass[39m=[32m"data-open:animate-in data-closed:animate-out data-closed:fade-out-0 data-open:fade-in-0 data-closed:zoom-out-95 data-open:zoom-in-95 bg-background ring-border pointer-events-auto relative grid max-h-[calc(100dvh-2rem)] w-full overflow-y-auto shadow-2xl ring-1 duration-100 outline-none min-w-0 grid-cols-1 gap-5 rounded-2xl p-5 [overflow-wrap:anywhere] motion-reduce:animate-none! sm:p-7 max-w-lg"[39m
    [33mdata-slot[39m=[32m"dialog-content"[39m
    [33mdata-state[39m=[32m"open"[39m
    [33mid[39m=[32m"radix-_r_a_"[39m
    [33mrole[39m=[32m"dialog"[39m
    [33mstyle[39m=[32m"pointer-events: auto;"[39m
    [33mtabindex[39m=[32m"-1"[39m
  [36m/>[39m

  --------------------------------------------------
  heading:

  Name "Leave this source review?":
  [36m<h2[39m
    [33mclass[39m=[32m"text-xl font-semibold tracking-tight"[39m
    [33mdata-slot[39m=[32m"dialog-title"[39m
    [33mid[39m=[32m"radix-_r_b_"[39m
  [36m/>[39m

  --------------------------------------------------
  paragraph:

  Name "":
  [36m<p[39m
    [33mclass[39m=[32m"text-muted-foreground text-sm sr-only"[39m
    [33mdata-slot[39m=[32m"dialog-description"[39m
    [33mid[39m=[32m"radix-_r_c_"[39m
  [36m/>[39m

  Name "":
  [36m<p[39m
    [33mclass[39m=[32m"text-sm leading-relaxed"[39m
  [36m/>[39m

  --------------------------------------------------
  button:

  Name "Close":
  [36m<button[39m
    [33maria-label[39m=[32m"Close"[39m
    [33mclass[39m=[32m"group/button inline-flex items-center justify-center border border-transparent bg-clip-padding text-sm font-medium whitespace-nowrap transition-all outline-none select-none focus-visible:border-ring focus-visible:ring-[3px] focus-visible:ring-ring/50 active:not-aria-[haspopup]:translate-y-px disabled:pointer-events-none disabled:opacity-50 aria-invalid:border-destructive aria-invalid:ring-[3px] aria-invalid:ring-destructive/20 dark:aria-invalid:border-destructive/50 dark:aria-invalid:ring-destructive/40 [&_svg]:pointer-events-none [&_svg]:shrink-0 [&_svg:not([class*='size-'])]:size-4 hover:bg-muted hover:text-foreground aria-expanded:bg-muted aria-expanded:text-foreground dark:hover:bg-muted/50 min-h-11 rounded-xl motion-reduce:transition-none size-11 shrink-0 p-0"[39m
    [33mdata-size[39m=[32m"icon"[39m
    [33mdata-slot[39m=[32m"button"[39m
    [33mdata-variant[39m=[32m"ghost"[39m
    [33mtype[39m=[32m"button"[39m
  [36m/>[39m

  Name "Keep editing":
  [36m<button[39m
    [33mclass[39m=[32m"group/button inline-flex shrink-0 items-center justify-center border bg-clip-padding text-sm font-medium whitespace-nowrap transition-all outline-none select-none focus-visible:border-ring focus-visible:ring-[3px] focus-visible:ring-ring/50 active:not-aria-[haspopup]:translate-y-px disabled:pointer-events-none disabled:opacity-50 aria-invalid:border-destructive aria-invalid:ring-[3px] aria-invalid:ring-destructive/20 dark:aria-invalid:border-destructive/50 dark:aria-invalid:ring-destructive/40 [&_svg]:pointer-events-none [&_svg]:shrink-0 [&_svg:not([class*='size-'])]:size-4 border-border bg-input/30 hover:bg-input/50 hover:text-foreground aria-expanded:bg-muted aria-expanded:text-foreground h-9 gap-1.5 has-data-[icon=inline-end]:pr-2.5 has-data-[icon=inline-start]:pl-2.5 min-h-11 rounded-xl px-4 motion-reduce:transition-none"[39m
    [33mdata-size[39m=[32m"default"[39m
    [33mdata-slot[39m=[32m"button"[39m
    [33mdata-variant[39m=[32m"outline"[39m
    [33mtype[39m=[32m"button"[39m
  [36m/>[39m

  Name "Discard my draft":
  [36m<button[39m
    [33mclass[39m=[32m"group/button inline-flex shrink-0 items-center justify-center border border-transparent bg-clip-padding text-sm font-medium whitespace-nowrap transition-all outline-none select-none focus-visible:ring-[3px] active:not-aria-[haspopup]:translate-y-px disabled:pointer-events-none disabled:opacity-50 aria-invalid:border-destructive aria-invalid:ring-[3px] aria-invalid:ring-destructive/20 dark:aria-invalid:border-destructive/50 dark:aria-invalid:ring-destructive/40 [&_svg]:pointer-events-none [&_svg]:shrink-0 [&_svg:not([class*='size-'])]:size-4 bg-destructive/10 hover:bg-destructive/20 dark:bg-destructive/20 dark:hover:bg-destructive/30 h-9 gap-1.5 has-data-[icon=inline-end]:pr-2.5 has-data-[icon=inline-start]:pl-2.5 min-h-11 rounded-xl px-4 motion-reduce:transition-none text-red-800 focus-visible:border-red-800 focus-visible:ring-red-800 dark:text-red-300 dark:focus-visible:border-red-300 dark:focus-visible:ring-red-300"[39m
    [33mdata-size[39m=[32m"default"[39m
    [33mdata-slot[39m=[32m"button"[39m
    [33mdata-variant[39m=[32m"destructive"[39m
    [33mtype[39m=[32m"button"[39m
  [36m/>[39m

  --------------------------------------------------

Ignored nodes: comments, script, style
[36m<body[39m
  [33mdata-scroll-locked[39m=[32m"1"[39m
  [33mstyle[39m=[32m"pointer-events: none;"[39m
[36m>[39m
  [36m<span[39m
    [33maria-hidden[39m=[32m"true"[39m
    [33mdata-aria-hidden[39m=[32m"true"[39m
    [33mdata-radix-focus-guard[39m=[32m""[39m
    [33mstyle[39m=[32m"outline: none; opacity: 0; position: fixed; pointer-events: none;"[39m
    [33mtabindex[39m=[32m"0"[39m
  [36m/>[39m
  [36m<div[39m
    [33maria-hidden[39m=[32m"true"[39m
    [33mdata-aria-hidden[39m=[32m"true"[39m
  [36m>[39m
    [36m<button>[39m
      [0mOpen task-linked second source[0m
    [36m</button>[39m
    [36m<div[39m
      [33mclass[39m=[32m"@container space-y-7"[39m
      [33mdata-business-sources[39m=[32m"true"[39m
    [36m>[39m
      [36m<div[39m
        [33mclass[39m=[32m"@container space-y-6"[39m
      [36m>[39m
        [36m<button[39m
          [33mclass[39m=[32m"group/button inline-flex shrink-0 items-center justify-center border border-transparent bg-clip-padding text-sm font-medium whitespace-nowrap transition-all outline-none select-none focus-visible:border-ring focus-visible:ring-[3px] focus-visible:ring-ring/50 active:not-aria-[haspopup]:translate-y-px disabled:pointer-events-none disabled:opacity-50 aria-invalid:border-destructive aria-invalid:ring-[3px] aria-invalid:ring-destructive/20 dark:aria-invalid:border-destructive/50 dark:aria-invalid:ring-destructive/40 [&_svg]:pointer-events-none [&_svg]:shrink-0 [&_svg:not([class*='size-'])]:size-4 hover:bg-muted hover:text-foreground aria-expanded:bg-muted aria-expanded:text-foreground dark:hover:bg-muted/50 h-9 gap-1.5 has-data-[icon=inline-end]:pr-2.5 has-data-[icon=inline-start]:pl-2.5 min-h-11 rounded-xl px-4 motion-reduce:transition-none -ms-3"[39m
          [33mdata-size[39m=[32m"default"[39m
          [33mdata-slot[39m=[32m"button"[39m
          [33mdata-variant[39m=[32m"ghost"[39m
          [33mtype[39m=[32m"button"[39m
        [36m>[39m
          [36m<svg[39m
            [33maria-hidden[39m=[32m"true"[39m
            [33mclass[39m=[32m"lucide lucide-arrow-left size-4 rtl:rotate-180"[39m
            [33mfill[39m=[32m"none"[39m
            [33mheight[39m=[32m"24"[39m
            [33mstroke[39m=[32m"currentColor"[39m
            [33mstroke-linecap[39m=[32m"round"[39m
            [33mstroke-linejoin[39m=[32m"round"[39m
            [33mstroke-width[39m=[32m"2"[39m
            [33mviewBox[39m=[32m"0 0 24 24"[39m
            [33mwidth[39m=[32m"24"[39m
            [33mxmlns[39m=[32m"http://www.w3.org/2000/svg"[39m
          [36m>[39m
            [36m<path[39m
              [33md[39m=[32m"m12 19-7-7 7-7"[39m
            [36m/>[39m
            [36m<path[39m
              [33md[39m=[32m"M19 12H5"[39m
            [36m/>[39m
          [36m</svg>[39m
          [0mSources[0m
        [36m</button>[39m
        [36m<div[39m
          [33mclass[39m=[32m"border-border text-muted-foreground flex gap-3 border-b pb-5 text-sm leading-relaxed"[39m
        [36m>[39m
          [36m<svg[39m
            [33maria-hidden[39m=[32m"true"[39m
            [33mclass[39m=[32m"lucide lucide-lock-keyhole mt-0.5 size-4 shrink-0"[39m
            [33mfill[39m=[32m"none"[39m
            [33mheight[39m=[32m"24"[39m
            [33mstroke[39m=[32m"currentColor"[39m
            [33mstroke-linecap[39m=[32m"round"[39m
            [33mstroke-linejoin[39m=[32m"round"[39m
            [33mstroke-width[39m=[32m"2"[39m
            [33mviewBox[39m=[32m"0 0 24 24"[39m
            [33mwidth[39m=[32m"24"[39m
            [33mxmlns[39m=[32m"http://www.w3.org/2000/svg"[39m
          [36m>[39m
            [36m<circle[39m
              [33mcx[39m=[32m"12"[39m
              [33mcy[39m=[32m"16"[39m
              [33mr[39m=[32m"1"[39m
            [36m/>[39m
            [36m<rect[39m
              [33mheight[39m=[32m"12"[39m
              [33mrx[39m=[32m"2"[39m
              [33mwidth[39m=[32m"18"[39m
              [33mx[39m=[32m"3"[39m
              [33my[39m=[32m"10"[39m
            [36m/>[39m
            [36m<path[39m
              [33md[39m=[32m"M7 10V7a5 5 0 0 1 10 0v3"[39m
            [36m/>[39m
          [36m</svg>[39m
          [36m<div>[39m
            [36m<p[39m
              [33mclass[39m=[32m"text-foreground mb-1 font-medium"[39m
            [36m>[39m
              [0mPrivate source review[0m
            [36m</p>[39m
            [36m<p>[39m
              [0mOnly people with explicit source access can read these passages and drafts. Task access is separate.[0m
            [36m</p>[39m
          [36m</div>[39m
        [36m</div>[39m
        [36m<header[39m
          [33mclass[39m=[32m"space-y-3"[39m
        [36m>[39m
          [36m<p[39m
            [33mclass[39m=[32m"text-primary text-xs font-semibold"[39m
          [36m>[39m
            [0mFireflies meetings[0m
          [36m</p>[39m
          [36m<h1[39m
            [33mclass[39m=[32m"break-words text-2xl font-semibold tracking-tight sm:text-3xl [overflow-wrap:anywhere]"[39m
            [33mdir[39m=[32m"auto"[39m
          [36m>[39m
            [0mSynthetic customer conversation[0m
          [36m</h1>[39m
          [36m<p[39m
            [33mclass[39m=[32m"text-muted-foreground text-sm"[39m
          [36m>[39m
            [0mSource version[0m
            [0m: [0m
            [0m2[0m
          [36m</p>[39m
        [36m</header>[39m
        [36m<div[39m
          [33mclass[39m=[32m"grid min-w-0 gap-8 @[50rem]:grid-cols-[minmax(0,0.9fr)_minmax(0,1.1fr)]"[39m
        [36m>[39m
          [36m<div[39m
            [33mclass[39m=[32m"min-w-0 space-y-6"[39m
          [36m>[39m
            [36m<section[39m
              [33maria-label[39m=[32m"Exact source passage"[39m
              [33mclass[39m=[32m"space-y-4"[39m
            [36m>[39m
              [36m<h2[39m
                [33mclass[39m=[32m"font-semibold"[39m
              [36m>[39m
                [0mExact source passage[0m
              [36m</h2>[39m
              [36m<p[39m
                [33mclass[39m=[32m"text-muted-foreground text-sm leading-relaxed"[39m
              [36m>[39m
                [0mChoose 1–20 passages, up to 20,000 characters in total. Nothing is shortened or rewritten for you.[0m
              [36m</p>[39m
              [36m<p[39m
                [33mclass[39m=[32m"text-muted-foreground text-sm"[39m
              [36m>[39m
                [0mThe provider returned an empty summary.[0m
              [36m</p>[39m
              [36m<ol[39m
                [33mclass[39m=[32m"space-y-3"[39m
              [36m>[39m
                [36m<li[39m
                  [33mclass[39m=[32m"border-border rounded-xl border bg-background"[39m
 ...
 ❯ Object.getElementError ../../../../node_modules/.pnpm/@testing-library+dom@10.4.1/node_modules/@testing-library/dom/dist/config.js:37:19
 ❯ ../../../../node_modules/.pnpm/@testing-library+dom@10.4.1/node_modules/@testing-library/dom/dist/query-helpers.js:76:38
 ❯ ../../../../node_modules/.pnpm/@testing-library+dom@10.4.1/node_modules/@testing-library/dom/dist/query-helpers.js:52:17
 ❯ ../../../../node_modules/.pnpm/@testing-library+dom@10.4.1/node_modules/@testing-library/dom/dist/query-helpers.js:95:19
 ❯ src/components/business-intake/reviewer-source-entry.test.tsx:82:19
     80|     // The destination editor must own the discard decision before its…
     81|     expect(await screen.findByRole("dialog", { name: "Leave this sourc…
     82|     expect(screen.getByRole("textbox", { name: "Brief" })).toHaveValue…
       |                   ^
     83|     expect(intake.mock.calls.filter(([name]) => /candidates\/(edit|sel…
     84|   })

⎯⎯⎯⎯⎯⎯⎯⎯⎯⎯⎯⎯⎯⎯⎯⎯⎯⎯⎯⎯⎯⎯⎯⎯[1/1]⎯

 Test Files  1 failed (1)
      Tests  1 failed (1)
   Start at  10:23:03
   Duration  1.72s (transform 175ms, setup 173ms, collect 581ms, tests 173ms, environment 524ms, prepare 142ms)

