{
  "file": "src/components/business/people.tsx",
  "surface": {
    "isButton": true,
    "isInput": true,
    "isList": true,
    "isOverlay": false,
    "isImage": false
  },
  "signals": {
    "disabledState": true,
    "loadingState": false,
    "hoverState": true,
    "focusState": true,
    "activeState": false,
    "aria": true,
    "role": true,
    "emptyState": true,
    "errorState": true,
    "motion": false,
    "responsive": true,
    "altText": true,
    "deadLink": false,
    "emojiIcon": false,
    "tabRole": false,
    "tabpanelRole": false,
    "sliderRole": false,
    "ariaValuetext": false,
    "keyboardNav": false,
    "ariaLive": false,
    "dynamicText": false,
    "preserveNone": false,
    "timerLoop": false,
    "scrollTimeline": false,
    "realImg": false,
    "gradientArt": false,
    "cdnScript": false,
    "scriptNoSri": false,
    "hotlinkPlaceholder": false,
    "imgOnError": false,
    "intersectionObserver": false,
    "subtractiveOpacity": false,
    "revealGuard": false
  },
  "missing": [
    {
      "sev": "high",
      "msg": "Button/CTA has no loading/pending state — async actions give no feedback (checklist: Button → States)."
    },
    {
      "sev": "med",
      "msg": "List/grid has no loading/skeleton state (checklist: Loading)."
    }
  ],
  "probe": null
}

SUMMARY src/components/business/people.tsx: 2 gap(s) — [high] Button/CTA has no loading/pending state — async actions give no feedback (checklist: Button → States).  |  [med] List/grid has no loading/skeleton state (checklist: Loading).
