   Compiling codeg v0.30.4 (/Users/mohamedadan/projects/_worktrees/ops-desk/tickets/.docs/business-tenancy-review/f3b408da/source/src-tauri)
warning: unused import: `TransactionTrait`
 --> src/business_identity/tests/independent_review.rs:6:47
  |
6 | use sea_orm::{sqlx, ConnectOptions, Database, TransactionTrait};
  |                                               ^^^^^^^^^^^^^^^^
  |
  = note: `#[warn(unused_imports)]` (part of `#[warn(unused)]`) on by default

warning: linker stderr: ld: __eh_frame section too large (max 16MB) to encode dwarf unwind offsets in compact unwind table, performance of exception handling might be affected
  |
  = note: `#[warn(linker_messages)]` on by default

warning: `codeg` (lib test) generated 2 warnings (run `cargo fix --lib -p codeg --tests` to apply 1 suggestion)
    Finished `test` profile [unoptimized + debuginfo] target(s) in 1m 01s
warning: the following packages contain code that will be rejected by a future version of Rust: proc-macro-error2 v2.0.1
note: to see what the problems were, use the option `--future-incompat-report`, or run `cargo report future-incompatibilities --id 1`
     Running unittests src/lib.rs (/Users/mohamedadan/projects/_worktrees/ops-desk/tickets/.docs/business-tenancy-review-target/debug/deps/codeg_lib-b542e2757758a7bb)

running 4 tests
test business_identity::tests::independent_review::review_tenancy_settings_roles_closed_payload_and_audit_atomicity ... ok
test business_identity::tests::independent_review::review_tenancy_retained_task_lineage_and_actual_migration_receipt_retry ... ok
test business_identity::tests::independent_review::review_tenancy_settings_real_cas_and_queued_epoch_and_credential_fences ... ok
test business_identity::tests::independent_review::review_tenancy_cancel_closes_pinned_connection_and_retry_preserves_data ... ok

test result: ok. 4 passed; 0 failed; 0 ignored; 0 measured; 3707 filtered out; finished in 0.34s

