Source: e72 product source; initial new test expectation
Command/check: Same keyboard regressions; harness incorrectly required explicit page:0, corrected before final passing run
Recorded exit: 1
Original: .build/business-workspace/search-focus-green.log
Normalized ANSI/trailing whitespace only.

Already up to date
Done in 167ms using pnpm v11.9.0
The CJS build of Vite's Node API is deprecated. See https://vite.dev/guide/troubleshooting.html#vite-cjs-node-api-deprecated for more details.

 RUN  v2.1.9 /Users/mohamedadan/projects/_worktrees/ops-desk/rebrand

 ❯ src/components/business/workflow.test.tsx (15 tests | 2 failed | 13 skipped) 2281ms
   × visual business task workflow > en search submits with Enter and tabs to the visible refresh control 1168ms
     → expected last "spy" call to have been called with [ 'list', ObjectContaining{…} ]

Ignored nodes: comments, script, style
<html>
  <head />
  <body>
    <div>
      <div
        class="bg-background flex h-dvh min-w-0 overflow-hidden"
      >
        <aside
          class="bg-sidebar border-border hidden w-[248px] shrink-0 flex-col overflow-y-auto border-e p-5 lg:flex"
        >
          <div
            class="flex items-center justify-between gap-3"
          >
            <div
              class="flex min-w-0 items-center gap-3"
            >
              <svg
                aria-hidden="true"
                class="size-10 shrink-0"
                viewBox="0 0 512 512"
              >
                <rect
                  fill="#123c3a"
                  height="512"
                  rx="90"
                  width="512"
                />
                <path
                  d="M152 136V376 M360 136V376 M152 256H360"
                  stroke="#f5f1e7"
                  stroke-linecap="round"
                  stroke-width="48"
                />
                <circle
                  cx="256"
                  cy="256"
                  fill="#dbb66b"
                  r="32"
                />
              </svg>
              <div
                class="min-w-0 leading-tight"
              >
                <p
                  class="font-semibold tracking-tight"
                >
                  Hafidh
                </p>
                <p
                  class="text-muted-foreground text-xs"
                >
                  Ops Desk
                </p>
              </div>
            </div>
            <button
              aria-label="Close"
              class="group/button inline-flex shrink-0 items-center justify-center border border-transparent bg-clip-padding text-sm font-medium whitespace-nowrap transition-all outline-none select-none focus-visible:border-ring focus-visible:ring-[3px] focus-visible:ring-ring/50 active:not-aria-[haspopup]:translate-y-px disabled:pointer-events-none disabled:opacity-50 aria-invalid:border-destructive aria-invalid:ring-[3px] aria-invalid:ring-destructive/20 dark:aria-invalid:border-destructive/50 dark:aria-invalid:ring-destructive/40 [&_svg]:pointer-events-none [&_svg]:shrink-0 [&_svg:not([class*='size-'])]:size-4 hover:bg-muted hover:text-foreground aria-expanded:bg-muted aria-expanded:text-foreground dark:hover:bg-muted/50 min-h-11 rounded-xl motion-reduce:transition-none size-11 p-0 lg:hidden"
              data-size="icon"
              data-slot="button"
              data-variant="ghost"
              type="button"
            >
              <svg
                aria-hidden="true"
                class="lucide lucide-x"
                fill="none"
                height="24"
                stroke="currentColor"
                stroke-linecap="round"
                stroke-linejoin="round"
                stroke-width="2"
                viewBox="0 0 24 24"
                width="24"
                xmlns="http://www.w3.org/2000/svg"
              >
                <path
                  d="M18 6 6 18"
                />
                <path
                  d="m6 6 12 12"
                />
              </svg>
            </button>
          </div>
          <div
            class="mt-9 mb-3 min-w-0 px-2"
          >
            <p
              class="text-muted-foreground text-xs"
            >
              Workspace
            </p>
            <p
              class="mt-1 truncate text-sm font-semibold"
            >
              <bdi>
                Synthetic organization
              </bdi>
            </p>
          </div>
          <nav
            aria-label="Workspace"
            class="space-y-1"
          >
            <button
              aria-current="page"
              class="focus-visible:ring-ring flex min-h-12 w-full items-center gap-3 rounded-xl px-3 py-3 text-start text-sm font-medium outline-none focus-visible:ring-2 bg-primary/10 text-primary"
              type="button"
            >
              <svg
                aria-hidden="true"
                class="lucide lucide-list-todo size-4 shrink-0"
                fill="none"
                height="24"
                stroke="currentColor"
                stroke-linecap="round"
                stroke-linejoin="round"
                stroke-width="2"
                viewBox="0 0 24 24"
                width="24"
                xmlns="http://www.w3.org/2000/svg"
              >
                <path
                  d="M13 5h8"
                />
                <path
                  d="M13 12h8"
                />
                <path
                  d="M13 19h8"
                />
                <path
                  d="m3 17 2 2 4-4"
                />
                <rect
                  height="6"
                  rx="1"
                  width="6"
                  x="3"
                  y="4"
                />
              </svg>[39...
   × visual business task workflow > ar search submits with Enter and tabs to the visible refresh control 1113ms
     → expected last "spy" call to have been called with [ 'list', ObjectContaining{…} ]

Ignored nodes: comments, script, style
<html>
  <head />
  <body>
    <div>
      <div
        class="bg-background flex h-dvh min-w-0 overflow-hidden"
      >
        <aside
          class="bg-sidebar border-border hidden w-[248px] shrink-0 flex-col overflow-y-auto border-e p-5 lg:flex"
        >
          <div
            class="flex items-center justify-between gap-3"
          >
            <div
              class="flex min-w-0 items-center gap-3"
            >
              <svg
                aria-hidden="true"
                class="size-10 shrink-0"
                viewBox="0 0 512 512"
              >
                <rect
                  fill="#123c3a"
                  height="512"
                  rx="90"
                  width="512"
                />
                <path
                  d="M152 136V376 M360 136V376 M152 256H360"
                  stroke="#f5f1e7"
                  stroke-linecap="round"
                  stroke-width="48"
                />
                <circle
                  cx="256"
                  cy="256"
                  fill="#dbb66b"
                  r="32"
                />
              </svg>
              <div
                class="min-w-0 leading-tight"
              >
                <p
                  class="font-semibold tracking-tight"
                >
                  Hafidh
                </p>
                <p
                  class="text-muted-foreground text-xs"
                >
                  Ops Desk
                </p>
              </div>
            </div>
            <button
              aria-label="إغلاق"
              class="group/button inline-flex shrink-0 items-center justify-center border border-transparent bg-clip-padding text-sm font-medium whitespace-nowrap transition-all outline-none select-none focus-visible:border-ring focus-visible:ring-[3px] focus-visible:ring-ring/50 active:not-aria-[haspopup]:translate-y-px disabled:pointer-events-none disabled:opacity-50 aria-invalid:border-destructive aria-invalid:ring-[3px] aria-invalid:ring-destructive/20 dark:aria-invalid:border-destructive/50 dark:aria-invalid:ring-destructive/40 [&_svg]:pointer-events-none [&_svg]:shrink-0 [&_svg:not([class*='size-'])]:size-4 hover:bg-muted hover:text-foreground aria-expanded:bg-muted aria-expanded:text-foreground dark:hover:bg-muted/50 min-h-11 rounded-xl motion-reduce:transition-none size-11 p-0 lg:hidden"
              data-size="icon"
              data-slot="button"
              data-variant="ghost"
              type="button"
            >
              <svg
                aria-hidden="true"
                class="lucide lucide-x"
                fill="none"
                height="24"
                stroke="currentColor"
                stroke-linecap="round"
                stroke-linejoin="round"
                stroke-width="2"
                viewBox="0 0 24 24"
                width="24"
                xmlns="http://www.w3.org/2000/svg"
              >
                <path
                  d="M18 6 6 18"
                />
                <path
                  d="m6 6 12 12"
                />
              </svg>
            </button>
          </div>
          <div
            class="mt-9 mb-3 min-w-0 px-2"
          >
            <p
              class="text-muted-foreground text-xs"
            >
              مساحة العمل
            </p>
            <p
              class="mt-1 truncate text-sm font-semibold"
            >
              <bdi>
                Synthetic organization
              </bdi>
            </p>
          </div>
          <nav
            aria-label="مساحة العمل"
            class="space-y-1"
          >
            <button
              aria-current="page"
              class="focus-visible:ring-ring flex min-h-12 w-full items-center gap-3 rounded-xl px-3 py-3 text-start text-sm font-medium outline-none focus-visible:ring-2 bg-primary/10 text-primary"
              type="button"
            >
              <svg
                aria-hidden="true"
                class="lucide lucide-list-todo size-4 shrink-0"
                fill="none"
                height="24"
                stroke="currentColor"
                stroke-linecap="round"
                stroke-linejoin="round"
                stroke-width="2"
                viewBox="0 0 24 24"
                width="24"
                xmlns="http://www.w3.org/2000/svg"
              >
                <path
                  d="M13 5h8"
                />
                <path
                  d="M13 12h8"
                />
                <path
                  d="M13 19h8"
                />
                <path
                  d="m3 17 2 2 4-4"
                />
                <rect
                  height="6"
                  rx="1"
                  width="6"
                  x="3"
                  y="4"
                />
              </svg>...

⎯⎯⎯⎯⎯⎯⎯ Failed Tests 2 ⎯⎯⎯⎯⎯⎯⎯

 FAIL  src/components/business/workflow.test.tsx > visual business task workflow > en search submits with Enter and tabs to the visible refresh control
AssertionError: expected last "spy" call to have been called with [ 'list', ObjectContaining{…} ]

Ignored nodes: comments, script, style
<html>
  <head />
  <body>
    <div>
      <div
        class="bg-background flex h-dvh min-w-0 overflow-hidden"
      >
        <aside
          class="bg-sidebar border-border hidden w-[248px] shrink-0 flex-col overflow-y-auto border-e p-5 lg:flex"
        >
          <div
            class="flex items-center justify-between gap-3"
          >
            <div
              class="flex min-w-0 items-center gap-3"
            >
              <svg
                aria-hidden="true"
                class="size-10 shrink-0"
                viewBox="0 0 512 512"
              >
                <rect
                  fill="#123c3a"
                  height="512"
                  rx="90"
                  width="512"
                />
                <path
                  d="M152 136V376 M360 136V376 M152 256H360"
                  stroke="#f5f1e7"
                  stroke-linecap="round"
                  stroke-width="48"
                />
                <circle
                  cx="256"
                  cy="256"
                  fill="#dbb66b"
                  r="32"
                />
              </svg>
              <div
                class="min-w-0 leading-tight"
              >
                <p
                  class="font-semibold tracking-tight"
                >
                  Hafidh
                </p>
                <p
                  class="text-muted-foreground text-xs"
                >
                  Ops Desk
                </p>
              </div>
            </div>
            <button
              aria-label="Close"
              class="group/button inline-flex shrink-0 items-center justify-center border border-transparent bg-clip-padding text-sm font-medium whitespace-nowrap transition-all outline-none select-none focus-visible:border-ring focus-visible:ring-[3px] focus-visible:ring-ring/50 active:not-aria-[haspopup]:translate-y-px disabled:pointer-events-none disabled:opacity-50 aria-invalid:border-destructive aria-invalid:ring-[3px] aria-invalid:ring-destructive/20 dark:aria-invalid:border-destructive/50 dark:aria-invalid:ring-destructive/40 [&_svg]:pointer-events-none [&_svg]:shrink-0 [&_svg:not([class*='size-'])]:size-4 hover:bg-muted hover:text-foreground aria-expanded:bg-muted aria-expanded:text-foreground dark:hover:bg-muted/50 min-h-11 rounded-xl motion-reduce:transition-none size-11 p-0 lg:hidden"
              data-size="icon"
              data-slot="button"
              data-variant="ghost"
              type="button"
            >
              <svg
                aria-hidden="true"
                class="lucide lucide-x"
                fill="none"
                height="24"
                stroke="currentColor"
                stroke-linecap="round"
                stroke-linejoin="round"
                stroke-width="2"
                viewBox="0 0 24 24"
                width="24"
                xmlns="http://www.w3.org/2000/svg"
              >
                <path
                  d="M18 6 6 18"
                />
                <path
                  d="m6 6 12 12"
                />
              </svg>
            </button>
          </div>
          <div
            class="mt-9 mb-3 min-w-0 px-2"
          >
            <p
              class="text-muted-foreground text-xs"
            >
              Workspace
            </p>
            <p
              class="mt-1 truncate text-sm font-semibold"
            >
              <bdi>
                Synthetic organization
              </bdi>
            </p>
          </div>
          <nav
            aria-label="Workspace"
            class="space-y-1"
          >
            <button
              aria-current="page"
              class="focus-visible:ring-ring flex min-h-12 w-full items-center gap-3 rounded-xl px-3 py-3 text-start text-sm font-medium outline-none focus-visible:ring-2 bg-primary/10 text-primary"
              type="button"
            >
              <svg
                aria-hidden="true"
                class="lucide lucide-list-todo size-4 shrink-0"
                fill="none"
                height="24"
                stroke="currentColor"
                stroke-linecap="round"
                stroke-linejoin="round"
                stroke-width="2"
                viewBox="0 0 24 24"
                width="24"
                xmlns="http://www.w3.org/2000/svg"
              >
                <path
                  d="M13 5h8"
                />
                <path
                  d="M13 12h8"
                />
                <path
                  d="M13 19h8"
                />
                <path
                  d="m3 17 2 2 4-4"
                />
                <rect
                  height="6"
                  rx="1"
                  width="6"
                  x="3"
                  y="4"
                />
              </svg>[39...

- Expected
+ Received

  Array [
    "list",
-   ObjectContaining {
-     "page": 0,
+   Object {
+     "archived": false,
      "query": "welcome",
+     "view": "mine",
    },
  ]

 ❯ src/components/business/workflow.test.tsx:86:23
     84|       await user.keyboard("{Enter}")
     85|       await waitFor(() =>
     86|         expect(tasks).toHaveBeenLastCalledWith(
       |                       ^
     87|           "list",
     88|           expect.objectContaining({ query: "welcome", page: 0 })
 ❯ runWithExpensiveErrorDiagnosticsDisabled node_modules/.pnpm/@testing-library+dom@10.4.1/node_modules/@testing-library/dom/dist/config.js:47:12
 ❯ checkCallback node_modules/.pnpm/@testing-library+dom@10.4.1/node_modules/@testing-library/dom/dist/wait-for.js:124:77
 ❯ Timeout.checkRealTimersCallback node_modules/.pnpm/@testing-library+dom@10.4.1/node_modules/@testing-library/dom/dist/wait-for.js:118:16

⎯⎯⎯⎯⎯⎯⎯⎯⎯⎯⎯⎯⎯⎯⎯⎯⎯⎯⎯⎯⎯⎯⎯⎯[1/2]⎯

 FAIL  src/components/business/workflow.test.tsx > visual business task workflow > ar search submits with Enter and tabs to the visible refresh control
AssertionError: expected last "spy" call to have been called with [ 'list', ObjectContaining{…} ]

Ignored nodes: comments, script, style
<html>
  <head />
  <body>
    <div>
      <div
        class="bg-background flex h-dvh min-w-0 overflow-hidden"
      >
        <aside
          class="bg-sidebar border-border hidden w-[248px] shrink-0 flex-col overflow-y-auto border-e p-5 lg:flex"
        >
          <div
            class="flex items-center justify-between gap-3"
          >
            <div
              class="flex min-w-0 items-center gap-3"
            >
              <svg
                aria-hidden="true"
                class="size-10 shrink-0"
                viewBox="0 0 512 512"
              >
                <rect
                  fill="#123c3a"
                  height="512"
                  rx="90"
                  width="512"
                />
                <path
                  d="M152 136V376 M360 136V376 M152 256H360"
                  stroke="#f5f1e7"
                  stroke-linecap="round"
                  stroke-width="48"
                />
                <circle
                  cx="256"
                  cy="256"
                  fill="#dbb66b"
                  r="32"
                />
              </svg>
              <div
                class="min-w-0 leading-tight"
              >
                <p
                  class="font-semibold tracking-tight"
                >
                  Hafidh
                </p>
                <p
                  class="text-muted-foreground text-xs"
                >
                  Ops Desk
                </p>
              </div>
            </div>
            <button
              aria-label="إغلاق"
              class="group/button inline-flex shrink-0 items-center justify-center border border-transparent bg-clip-padding text-sm font-medium whitespace-nowrap transition-all outline-none select-none focus-visible:border-ring focus-visible:ring-[3px] focus-visible:ring-ring/50 active:not-aria-[haspopup]:translate-y-px disabled:pointer-events-none disabled:opacity-50 aria-invalid:border-destructive aria-invalid:ring-[3px] aria-invalid:ring-destructive/20 dark:aria-invalid:border-destructive/50 dark:aria-invalid:ring-destructive/40 [&_svg]:pointer-events-none [&_svg]:shrink-0 [&_svg:not([class*='size-'])]:size-4 hover:bg-muted hover:text-foreground aria-expanded:bg-muted aria-expanded:text-foreground dark:hover:bg-muted/50 min-h-11 rounded-xl motion-reduce:transition-none size-11 p-0 lg:hidden"
              data-size="icon"
              data-slot="button"
              data-variant="ghost"
              type="button"
            >
              <svg
                aria-hidden="true"
                class="lucide lucide-x"
                fill="none"
                height="24"
                stroke="currentColor"
                stroke-linecap="round"
                stroke-linejoin="round"
                stroke-width="2"
                viewBox="0 0 24 24"
                width="24"
                xmlns="http://www.w3.org/2000/svg"
              >
                <path
                  d="M18 6 6 18"
                />
                <path
                  d="m6 6 12 12"
                />
              </svg>
            </button>
          </div>
          <div
            class="mt-9 mb-3 min-w-0 px-2"
          >
            <p
              class="text-muted-foreground text-xs"
            >
              مساحة العمل
            </p>
            <p
              class="mt-1 truncate text-sm font-semibold"
            >
              <bdi>
                Synthetic organization
              </bdi>
            </p>
          </div>
          <nav
            aria-label="مساحة العمل"
            class="space-y-1"
          >
            <button
              aria-current="page"
              class="focus-visible:ring-ring flex min-h-12 w-full items-center gap-3 rounded-xl px-3 py-3 text-start text-sm font-medium outline-none focus-visible:ring-2 bg-primary/10 text-primary"
              type="button"
            >
              <svg
                aria-hidden="true"
                class="lucide lucide-list-todo size-4 shrink-0"
                fill="none"
                height="24"
                stroke="currentColor"
                stroke-linecap="round"
                stroke-linejoin="round"
                stroke-width="2"
                viewBox="0 0 24 24"
                width="24"
                xmlns="http://www.w3.org/2000/svg"
              >
                <path
                  d="M13 5h8"
                />
                <path
                  d="M13 12h8"
                />
                <path
                  d="M13 19h8"
                />
                <path
                  d="m3 17 2 2 4-4"
                />
                <rect
                  height="6"
                  rx="1"
                  width="6"
                  x="3"
                  y="4"
                />
              </svg>...

- Expected
+ Received

  Array [
    "list",
-   ObjectContaining {
-     "page": 0,
+   Object {
+     "archived": false,
      "query": "welcome",
+     "view": "mine",
    },
  ]

 ❯ src/components/business/workflow.test.tsx:86:23
     84|       await user.keyboard("{Enter}")
     85|       await waitFor(() =>
     86|         expect(tasks).toHaveBeenLastCalledWith(
       |                       ^
     87|           "list",
     88|           expect.objectContaining({ query: "welcome", page: 0 })
 ❯ runWithExpensiveErrorDiagnosticsDisabled node_modules/.pnpm/@testing-library+dom@10.4.1/node_modules/@testing-library/dom/dist/config.js:47:12
 ❯ checkCallback node_modules/.pnpm/@testing-library+dom@10.4.1/node_modules/@testing-library/dom/dist/wait-for.js:124:77
 ❯ Timeout.checkRealTimersCallback node_modules/.pnpm/@testing-library+dom@10.4.1/node_modules/@testing-library/dom/dist/wait-for.js:118:16

⎯⎯⎯⎯⎯⎯⎯⎯⎯⎯⎯⎯⎯⎯⎯⎯⎯⎯⎯⎯⎯⎯⎯⎯[2/2]⎯

 Test Files  1 failed (1)
      Tests  2 failed | 13 skipped (15)
   Start at  19:02:26
   Duration  3.36s (transform 142ms, setup 103ms, collect 497ms, tests 2.28s, environment 273ms, prepare 47ms)
