Source: before e72 correction
Command/check: English/Arabic new keyboard regressions against prior focus behavior
Recorded exit: 1
Original: .build/business-workspace/search-focus-red.log
Normalized ANSI/trailing whitespace only.

Already up to date
Done in 153ms using pnpm v11.9.0
The CJS build of Vite's Node API is deprecated. See https://vite.dev/guide/troubleshooting.html#vite-cjs-node-api-deprecated for more details.

 RUN  v2.1.9 /Users/mohamedadan/projects/_worktrees/ops-desk/rebrand

 ❯ src/components/business/workflow.test.tsx (15 tests | 2 failed | 13 skipped) 117ms
   × visual business task workflow > en search submits with Enter and tabs to the visible refresh control 82ms
     → expect(element).toHaveFocus()

Expected element with focus:
  <button
  aria-label="Refresh"
  class="group/button inline-flex shrink-0 items-center justify-center border bg-clip-padding text-sm font-medium whitespace-nowrap transition-all outline-none select-none focus-visible:border-ring focus-visible:ring-[3px] focus-visible:ring-ring/50 active:not-aria-[haspopup]:translate-y-px disabled:pointer-events-none disabled:opacity-50 aria-invalid:border-destructive aria-invalid:ring-[3px] aria-invalid:ring-destructive/20 dark:aria-invalid:border-destructive/50 dark:aria-invalid:ring-destructive/40 [&_svg]:pointer-events-none [&_svg]:shrink-0 [&_svg:not([class*='size-'])]:size-4 border-border bg-input/30 hover:bg-input/50 hover:text-foreground aria-expanded:bg-muted aria-expanded:text-foreground min-h-11 rounded-xl motion-reduce:transition-none size-11 p-0"
  data-size="icon"
  data-slot="button"
  data-variant="outline"
  type="button"
>
  <svg
    aria-hidden="true"
    class="lucide lucide-refresh-cw"
    fill="none"
    height="24"
    stroke="currentColor"
    stroke-linecap="round"
    stroke-linejoin="round"
    stroke-width="2"
    viewBox="0 0 24 24"
    width="24"
    xmlns="http://www.w3.org/2000/svg"
  >
    <path
      d="M3 12a9 9 0 0 1 9-9 9.75 9.75 0 0 1 6.74 2.74L21 8"
    />
    <path
      d="M21 3v5h-5"
    />
    <path
      d="M21 12a9 9 0 0 1-9 9 9.75 9.75 0 0 1-6.74-2.74L3 16"
    />
    <path
      d="M8 16H3v5"
    />
  </svg>
</button>
Received element with focus:
  <button
  class="sr-only"
  type="submit"
>
  Find a task
</button>
   × visual business task workflow > ar search submits with Enter and tabs to the visible refresh control 34ms
     → expect(element).toHaveFocus()

Expected element with focus:
  <button
  aria-label="تحديث"
  class="group/button inline-flex shrink-0 items-center justify-center border bg-clip-padding text-sm font-medium whitespace-nowrap transition-all outline-none select-none focus-visible:border-ring focus-visible:ring-[3px] focus-visible:ring-ring/50 active:not-aria-[haspopup]:translate-y-px disabled:pointer-events-none disabled:opacity-50 aria-invalid:border-destructive aria-invalid:ring-[3px] aria-invalid:ring-destructive/20 dark:aria-invalid:border-destructive/50 dark:aria-invalid:ring-destructive/40 [&_svg]:pointer-events-none [&_svg]:shrink-0 [&_svg:not([class*='size-'])]:size-4 border-border bg-input/30 hover:bg-input/50 hover:text-foreground aria-expanded:bg-muted aria-expanded:text-foreground min-h-11 rounded-xl motion-reduce:transition-none size-11 p-0"
  data-size="icon"
  data-slot="button"
  data-variant="outline"
  type="button"
>
  <svg
    aria-hidden="true"
    class="lucide lucide-refresh-cw"
    fill="none"
    height="24"
    stroke="currentColor"
    stroke-linecap="round"
    stroke-linejoin="round"
    stroke-width="2"
    viewBox="0 0 24 24"
    width="24"
    xmlns="http://www.w3.org/2000/svg"
  >
    <path
      d="M3 12a9 9 0 0 1 9-9 9.75 9.75 0 0 1 6.74 2.74L21 8"
    />
    <path
      d="M21 3v5h-5"
    />
    <path
      d="M21 12a9 9 0 0 1-9 9 9.75 9.75 0 0 1-6.74-2.74L3 16"
    />
    <path
      d="M8 16H3v5"
    />
  </svg>
</button>
Received element with focus:
  <button
  class="sr-only"
  type="submit"
>
  البحث عن مهمة
</button>

⎯⎯⎯⎯⎯⎯⎯ Failed Tests 2 ⎯⎯⎯⎯⎯⎯⎯

 FAIL  src/components/business/workflow.test.tsx > visual business task workflow > en search submits with Enter and tabs to the visible refresh control
Error: expect(element).toHaveFocus()

Expected element with focus:
  <button
  aria-label="Refresh"
  class="group/button inline-flex shrink-0 items-center justify-center border bg-clip-padding text-sm font-medium whitespace-nowrap transition-all outline-none select-none focus-visible:border-ring focus-visible:ring-[3px] focus-visible:ring-ring/50 active:not-aria-[haspopup]:translate-y-px disabled:pointer-events-none disabled:opacity-50 aria-invalid:border-destructive aria-invalid:ring-[3px] aria-invalid:ring-destructive/20 dark:aria-invalid:border-destructive/50 dark:aria-invalid:ring-destructive/40 [&_svg]:pointer-events-none [&_svg]:shrink-0 [&_svg:not([class*='size-'])]:size-4 border-border bg-input/30 hover:bg-input/50 hover:text-foreground aria-expanded:bg-muted aria-expanded:text-foreground min-h-11 rounded-xl motion-reduce:transition-none size-11 p-0"
  data-size="icon"
  data-slot="button"
  data-variant="outline"
  type="button"
>
  <svg
    aria-hidden="true"
    class="lucide lucide-refresh-cw"
    fill="none"
    height="24"
    stroke="currentColor"
    stroke-linecap="round"
    stroke-linejoin="round"
    stroke-width="2"
    viewBox="0 0 24 24"
    width="24"
    xmlns="http://www.w3.org/2000/svg"
  >
    <path
      d="M3 12a9 9 0 0 1 9-9 9.75 9.75 0 0 1 6.74 2.74L21 8"
    />
    <path
      d="M21 3v5h-5"
    />
    <path
      d="M21 12a9 9 0 0 1-9 9 9.75 9.75 0 0 1-6.74-2.74L3 16"
    />
    <path
      d="M8 16H3v5"
    />
  </svg>
</button>
Received element with focus:
  <button
  class="sr-only"
  type="submit"
>
  Find a task
</button>
 ❯ src/components/business/workflow.test.tsx:81:23
     79|       await user.click(search)
     80|       await user.tab()
     81|       expect(refresh).toHaveFocus()
       |                       ^
     82|       await user.click(search)
     83|       await user.type(search, "  welcome  ")

⎯⎯⎯⎯⎯⎯⎯⎯⎯⎯⎯⎯⎯⎯⎯⎯⎯⎯⎯⎯⎯⎯⎯⎯[1/2]⎯

 FAIL  src/components/business/workflow.test.tsx > visual business task workflow > ar search submits with Enter and tabs to the visible refresh control
Error: expect(element).toHaveFocus()

Expected element with focus:
  <button
  aria-label="تحديث"
  class="group/button inline-flex shrink-0 items-center justify-center border bg-clip-padding text-sm font-medium whitespace-nowrap transition-all outline-none select-none focus-visible:border-ring focus-visible:ring-[3px] focus-visible:ring-ring/50 active:not-aria-[haspopup]:translate-y-px disabled:pointer-events-none disabled:opacity-50 aria-invalid:border-destructive aria-invalid:ring-[3px] aria-invalid:ring-destructive/20 dark:aria-invalid:border-destructive/50 dark:aria-invalid:ring-destructive/40 [&_svg]:pointer-events-none [&_svg]:shrink-0 [&_svg:not([class*='size-'])]:size-4 border-border bg-input/30 hover:bg-input/50 hover:text-foreground aria-expanded:bg-muted aria-expanded:text-foreground min-h-11 rounded-xl motion-reduce:transition-none size-11 p-0"
  data-size="icon"
  data-slot="button"
  data-variant="outline"
  type="button"
>
  <svg
    aria-hidden="true"
    class="lucide lucide-refresh-cw"
    fill="none"
    height="24"
    stroke="currentColor"
    stroke-linecap="round"
    stroke-linejoin="round"
    stroke-width="2"
    viewBox="0 0 24 24"
    width="24"
    xmlns="http://www.w3.org/2000/svg"
  >
    <path
      d="M3 12a9 9 0 0 1 9-9 9.75 9.75 0 0 1 6.74 2.74L21 8"
    />
    <path
      d="M21 3v5h-5"
    />
    <path
      d="M21 12a9 9 0 0 1-9 9 9.75 9.75 0 0 1-6.74-2.74L3 16"
    />
    <path
      d="M8 16H3v5"
    />
  </svg>
</button>
Received element with focus:
  <button
  class="sr-only"
  type="submit"
>
  البحث عن مهمة
</button>
 ❯ src/components/business/workflow.test.tsx:81:23
     79|       await user.click(search)
     80|       await user.tab()
     81|       expect(refresh).toHaveFocus()
       |                       ^
     82|       await user.click(search)
     83|       await user.type(search, "  welcome  ")

⎯⎯⎯⎯⎯⎯⎯⎯⎯⎯⎯⎯⎯⎯⎯⎯⎯⎯⎯⎯⎯⎯⎯⎯[2/2]⎯

 Test Files  1 failed (1)
      Tests  2 failed | 13 skipped (15)
   Start at  19:00:48
   Duration  1.59s (transform 180ms, setup 243ms, collect 670ms, tests 117ms, environment 309ms, prepare 56ms)
