   Compiling proc-macro2 v1.0.106
    Checking scopeguard v1.2.0
    Checking bitflags v2.10.0
   Compiling memchr v2.8.0
    Checking lock_api v0.4.14
    Checking rustix v1.1.3
    Checking parking_lot v0.12.5
    Checking spin v0.9.8
   Compiling thiserror v2.0.18
    Checking futures-intrusive v0.5.0
   Compiling serde_core v1.0.228
   Compiling regex-syntax v0.8.9
   Compiling quote v1.0.44
   Compiling syn v2.0.114
   Compiling nom v7.1.3
   Compiling regex-automata v0.4.14
    Checking security-framework v2.11.1
    Checking tempfile v3.24.0
    Checking flume v0.11.1
   Compiling serde_json v1.0.149
   Compiling objc2 v0.6.3
    Checking native-tls v0.2.14
   Compiling regex v1.12.3
   Compiling cexpr v0.6.0
   Compiling synstructure v0.13.2
   Compiling darling_core v0.20.11
   Compiling serde_derive_internals v0.29.1
   Compiling serde_derive v1.0.228
   Compiling tokio-macros v2.6.0
   Compiling futures-macro v0.3.31
    Checking tokio v1.49.0
    Checking futures-util v0.3.31
   Compiling tracing-attributes v0.1.31
   Compiling thiserror-impl v2.0.18
    Checking serde v1.0.228
    Checking tracing v0.1.44
   Compiling zerofrom-derive v0.1.6
   Compiling yoke-derive v0.8.1
    Checking zerofrom v0.1.6
   Compiling zerovec-derive v0.11.2
   Compiling displaydoc v0.2.5
    Checking chrono v0.4.43
    Checking yoke v0.8.1
   Compiling zeroize_derive v1.4.3
    Checking tokio-util v0.7.18
    Checking futures-executor v0.3.31
    Checking zeroize v1.8.2
    Checking serde_urlencoded v0.7.1
    Checking either v1.15.0
    Checking zerovec v0.11.5
    Checking zerotrie v0.2.3
    Checking bigdecimal v0.4.10
    Checking rustls-pki-types v1.14.0
    Checking rust_decimal v1.40.0
    Checking rustls-webpki v0.103.9
    Checking webpki-roots v1.0.6
    Checking webpki-roots v0.26.11
    Checking tokio-stream v0.1.18
    Checking rustls v0.23.36
    Checking tinystr v0.8.2
    Checking potential_utf v0.1.4
    Checking icu_collections v2.1.1
    Checking icu_locale_core v2.1.1
   Compiling darling_macro v0.20.11
   Compiling ref-cast-impl v1.0.25
   Compiling darling v0.20.11
    Checking icu_provider v2.1.1
   Compiling derive_more-impl v2.1.1
    Checking icu_normalizer v2.1.1
    Checking icu_properties v2.1.2
   Compiling darling_core v0.23.0
   Compiling sea-query-derive v0.4.3
    Checking idna_adapter v1.2.1
    Checking idna v1.1.0
    Checking ref-cast v1.0.25
    Checking url v2.5.8
    Checking derive_more v2.1.1
    Checking sqlx-core v0.8.6
    Checking h2 v0.4.13
   Compiling darling_macro v0.23.0
    Checking futures v0.3.31
   Compiling schemars_derive v1.2.1
   Compiling inherent v1.0.13
   Compiling pin-project-internal v1.1.10
    Checking sqlx-sqlite v0.8.6
   Compiling async-trait v0.1.89
   Compiling prettyplease v0.2.37
   Compiling proc-macro-error-attr2 v2.0.0
   Compiling proc-macro-error2 v2.0.1
   Compiling bindgen v0.69.5
   Compiling proc-macro2-diagnostics v0.10.1
    Checking schemars v1.2.1
    Checking sea-query v0.32.7
    Checking hyper v1.8.1
    Checking sqlx v0.8.6
    Checking pin-project v1.1.10
   Compiling darling v0.23.0
    Checking tracing-serde v0.2.0
   Compiling strum_macros v0.28.0
    Checking system-configuration v0.7.0
    Checking tracing-subscriber v0.3.22
    Checking sea-query-binder v0.7.0
    Checking hyper-util v0.1.20
    Checking strum v0.28.0
   Compiling kill_tree v0.2.4
   Compiling rmcp-macros v1.3.0
    Checking async-compression v0.4.42
   Compiling ouroboros_macro v0.18.5
   Compiling sea-bae v0.2.1
    Checking tower v0.5.3
    Checking tokio-native-tls v0.3.1
    Checking toml_datetime v0.6.3
   Compiling async-stream-impl v0.3.6
   Compiling clap_derive v4.5.55
   Compiling thiserror-impl v1.0.69
    Checking rmcp v1.3.0
    Checking async-stream v0.3.6
    Checking thiserror v1.0.69
    Checking clap v4.5.57
    Checking ouroboros v0.18.5
    Checking futures-concurrency v7.7.1
    Checking png v0.18.1
   Compiling sea-orm-macros v1.1.19
    Checking agent-client-protocol-schema v0.11.7
    Checking block2 v0.6.2
    Checking objc2-core-foundation v0.3.2
    Checking tungstenite v0.28.0
    Checking serde_spanned v0.6.9
    Checking jsonrpcmsg v0.1.2
   Compiling sacp-derive v11.0.0
   Compiling sea-schema-derive v0.3.0
    Checking nix v0.27.1
    Checking tower-http v0.6.8
    Checking sacp v11.0.0
    Checking sea-orm v1.1.19
    Checking sea-orm-cli v1.1.19
    Checking image v0.25.10
    Checking sea-schema v0.16.2
   Compiling prost-derive v0.13.5
    Checking objc2-foundation v0.3.2
    Checking toml_edit v0.20.2
    Checking tokio-tungstenite v0.28.0
    Checking multer v3.1.0
    Checking filedescriptor v0.8.3
   Compiling hashify v0.2.9
    Checking hyper-tls v0.6.0
    Checking axum-core v0.5.6
    Checking tungstenite v0.26.2
    Checking simple_asn1 v0.6.4
   Compiling include_dir_macros v0.7.4
    Checking xattr v1.6.1
   Compiling codeg v0.30.4 (/Users/mohamedadan/projects/_worktrees/ops-desk/rebrand/src-tauri)
    Checking portable-pty v0.8.1
    Checking include_dir v0.7.4
    Checking tracing-appender v0.2.5
    Checking zip v2.4.2
    Checking tar v0.4.44
    Checking rusqlite v0.32.1
    Checking which v7.0.3
    Checking axum v0.8.8
    Checking serde_yaml v0.9.34+deprecated
    Checking notify v6.1.1
    Checking jsonwebtoken v9.3.1
    Checking sea-orm-migration v1.1.19
    Checking tokio-tungstenite v0.26.2
    Checking mail-parser v0.11.1
    Checking reqwest v0.12.28
    Checking toml v0.8.2
    Checking chrono-tz v0.10.4
    Checking prost v0.13.5
    Checking sacp-tokio v11.0.0 (/Users/mohamedadan/projects/_worktrees/ops-desk/rebrand/src-tauri/vendor/sacp-tokio)
    Checking qrcode v0.14.1
    Checking cron v0.12.1
    Checking toml_edit v0.19.15
    Checking async_zip v0.0.18
    Checking semver v1.0.27
    Checking mac-notification-sys v0.6.12
    Finished `dev` profile [unoptimized + debuginfo] target(s) in 53.87s
warning: the following packages contain code that will be rejected by a future version of Rust: proc-macro-error2 v2.0.1
note: to see what the problems were, use the option `--future-incompat-report`, or run `cargo report future-incompatibilities --id 1`
