warning: field `organization_id` is never read
 --> src/business_intake/records.rs:7:9
  |
5 | pub(super) struct Binding {
  |                   ------- field in this struct
6 |     pub id: String,
7 |     pub organization_id: String,
  |         ^^^^^^^^^^^^^^^
  |
  = note: `Binding` has a derived impl for the trait `Clone`, but this is intentionally ignored during dead code analysis
  = note: `#[warn(dead_code)]` (part of `#[warn(unused)]`) on by default

warning: fields `actor_id` and `operation_id` are never read
  --> src/business_intake/records.rs:36:9
   |
34 | pub(super) struct Setup {
   |                   ----- fields in this struct
35 |     pub id: String,
36 |     pub actor_id: String,
   |         ^^^^^^^^
37 |     pub operation_id: String,
   |         ^^^^^^^^^^^^

warning: field `organization_id` is never read
  --> src/business_intake/records.rs:51:9
   |
49 | pub(super) struct Source {
   |                   ------ field in this struct
50 |     pub id: String,
51 |     pub organization_id: String,
   |         ^^^^^^^^^^^^^^^
   |
   = note: `Source` has a derived impl for the trait `Clone`, but this is intentionally ignored during dead code analysis

warning: field `provider_revision` is never read
  --> src/business_intake/records.rs:70:9
   |
68 | pub(super) struct Version {
   |                   ------- field in this struct
69 |     pub digest: String,
70 |     pub provider_revision: Option<String>,
   |         ^^^^^^^^^^^^^^^^^

warning: linker stderr: ld: __eh_frame section too large (max 16MB) to encode dwarf unwind offsets in compact unwind table, performance of exception handling might be affected
  |
  = note: `#[warn(linker_messages)]` on by default

warning: `codeg` (lib test) generated 5 warnings
    Finished `test` profile [unoptimized + debuginfo] target(s) in 0.89s
warning: the following packages contain code that will be rejected by a future version of Rust: proc-macro-error2 v2.0.1
note: to see what the problems were, use the option `--future-incompat-report`, or run `cargo report future-incompatibilities --id 1`
     Running unittests src/lib.rs (/Users/mohamedadan/projects/_worktrees/ops-desk/approvals/.build/business-integration-review/target-15bb402b/debug/deps/codeg_lib-b542e2757758a7bb)

running 5 tests
test business_intake::tests::import_cases::intake_import_cancel_and_expired_claim_discard_late_detail_without_a_replacement ... ok
test business_intake::tests::import_cases::intake_import_grant_revocation_and_caller_abort_cannot_commit_private_content ... ok
test business_intake::tests::import_cases::intake_source_fence_across_distinct_imports_rejects_older_response ... ok
test business_intake::tests::import_cases::intake_import_discovery_replay_and_aba_versions_preserve_candidate_and_source_identity ... ok
test business_intake::tests::import_cases::intake_import_retry_budget_and_duplicate_page_cap_are_explicit ... ok

test result: ok. 5 passed; 0 failed; 0 ignored; 0 measured; 3734 filtered out; finished in 0.42s

