   Compiling codeg v0.30.4 (/Users/mohamedadan/projects/_worktrees/ops-desk/approvals/.build/review-business-intake/67708b07/src-tauri)
   Compiling sacp-tokio v11.0.0 (/Users/mohamedadan/projects/_worktrees/ops-desk/approvals/.build/review-business-intake/67708b07/src-tauri/vendor/sacp-tokio)
warning: variants `Import`, `Triage`, and `Publish` are never constructed
  --> src/business_intake/access.rs:20:5
   |
18 | pub(super) enum Use {
   |                 --- variants in this enum
19 |     Read,
20 |     Import,
   |     ^^^^^^
21 |     Triage,
   |     ^^^^^^
22 |     Publish(Domain),
   |     ^^^^^^^
   |
   = note: `Use` has a derived impl for the trait `Clone`, but this is intentionally ignored during dead code analysis
   = note: `#[warn(dead_code)]` (part of `#[warn(unused)]`) on by default

warning: field `binding` is never read
  --> src/business_intake/access.rs:25:9
   |
24 | pub(super) struct Checked {
   |                   ------- field in this struct
25 |     pub binding: records::Binding,
   |         ^^^^^^^

warning: function `source` is never used
   --> src/business_intake/access.rs:169:21
    |
169 | pub(super) async fn source(
    |                     ^^^^^^

warning: function `check_source` is never used
   --> src/business_intake/access.rs:183:21
    |
183 | pub(super) async fn check_source(
    |                     ^^^^^^^^^^^^

warning: field `title` is never read
   --> src/business_intake/fireflies.rs:214:9
    |
212 | pub(super) struct Listed {
    |                   ------ field in this struct
213 |     pub id: String,
214 |     pub title: String,
    |         ^^^^^

warning: fields `content`, `provider_status`, `expires_at`, and `provider_revision` are never read
   --> src/business_intake/fireflies.rs:227:9
    |
224 | pub(super) struct Normalized {
    |                   ---------- fields in this struct
...
227 |     pub content: ContentState,
    |         ^^^^^^^
228 |     pub summary: SummaryState,
229 |     pub provider_status: Option<String>,
    |         ^^^^^^^^^^^^^^^
230 |     pub expires_at: Option<String>,
    |         ^^^^^^^^^^
231 |     pub provider_revision: Option<String>,
    |         ^^^^^^^^^^^^^^^^^

warning: method `digest` is never used
   --> src/business_intake/fireflies.rs:234:12
    |
233 | impl Normalized {
    | --------------- method in this implementation
234 |     pub fn digest(&self) -> common::Result<String> {
    |            ^^^^^^

warning: field `organization_id` is never read
 --> src/business_intake/records.rs:7:9
  |
5 | pub(super) struct Binding {
  |                   ------- field in this struct
6 |     pub id: String,
7 |     pub organization_id: String,
  |         ^^^^^^^^^^^^^^^
  |
  = note: `Binding` has a derived impl for the trait `Clone`, but this is intentionally ignored during dead code analysis

warning: fields `actor_id` and `operation_id` are never read
  --> src/business_intake/records.rs:36:9
   |
34 | pub(super) struct Setup {
   |                   ----- fields in this struct
35 |     pub id: String,
36 |     pub actor_id: String,
   |         ^^^^^^^^
37 |     pub operation_id: String,
   |         ^^^^^^^^^^^^

warning: struct `Source` is never constructed
  --> src/business_intake/records.rs:49:19
   |
49 | pub(super) struct Source {
   |                   ^^^^^^

warning: struct `Version` is never constructed
  --> src/business_intake/records.rs:68:19
   |
68 | pub(super) struct Version {
   |                   ^^^^^^^

warning: struct `Passage` is never constructed
  --> src/business_intake/records.rs:72:19
   |
72 | pub(super) struct Passage {
   |                   ^^^^^^^

warning: struct `Candidate` is never constructed
  --> src/business_intake/records.rs:82:19
   |
82 | pub(super) struct Candidate {
   |                   ^^^^^^^^^

warning: struct `Import` is never constructed
  --> src/business_intake/records.rs:96:19
   |
96 | pub(super) struct Import {
   |                   ^^^^^^

warning: struct `Decision` is never constructed
   --> src/business_intake/records.rs:116:19
    |
116 | pub(super) struct Decision {
    |                   ^^^^^^^^

warning: struct `Link` is never constructed
   --> src/business_intake/records.rs:128:19
    |
128 | pub(super) struct Link {
    |                   ^^^^

warning: linker stderr: ld: __eh_frame section too large (max 16MB) to encode dwarf unwind offsets in compact unwind table, performance of exception handling might be affected
  |
  = note: `#[warn(linker_messages)]` on by default

warning: `codeg` (lib test) generated 17 warnings
    Finished `test` profile [unoptimized + debuginfo] target(s) in 1m 38s
warning: the following packages contain code that will be rejected by a future version of Rust: proc-macro-error2 v2.0.1
note: to see what the problems were, use the option `--future-incompat-report`, or run `cargo report future-incompatibilities --id 1`
     Running unittests src/lib.rs (/Users/mohamedadan/projects/_worktrees/ops-desk/approvals/.build/review-business-intake/target/debug/deps/codeg_lib-b542e2757758a7bb)

running 5 tests
test business_intake::tests::setup_cases::intake_setup_zero_grants_actual_operator_and_exact_replay ... ok
test business_intake::tests::setup_cases::intake_setup_await_rechecks_owner_revision_and_binding_disable ... ok
test business_intake::tests::setup_cases::intake_staged_failure_and_wrong_provider_preserve_active_and_unrelated_keys ... ok
test business_intake::tests::setup_cases::intake_grants_ceiling_current_membership_and_owner_drift_are_rechecked ... ok
test business_intake::tests::setup_cases::intake_protected_setup_router_rejects_member_owner_spoofs_and_redacts_keys ... ok

test result: ok. 5 passed; 0 failed; 0 ignored; 0 measured; 3718 filtered out; finished in 0.26s

